---
source: crates/kevin-tui/tests/ac_ws17_1_screen_snapshots.rs
expression: "render(&model, 80, 24)"
---
" 1 Runs │ 2 Run │ 3 Inbox │ 4 Routes │ 5 Lessons │ 6 Workers                    "
"┌ Runs (2) ────────────────────────────────────────────────────────────────────┐"
"│  RUN       STATUS                GOAL                TASKS       COST     AGE│"
"│▸ 0191f3a1  executing             Add a /healthz …      1/3      $0.42   5m00s│"
"│  0191f3b7  awaiting_plan_appro…  Migrate the sto…      0/2      $0.07   2h05m│"
"│                                                                              │"
"│                                                                              │"
"│                                                                              │"
"│                                                                              │"
"│                                                                              │"
"│    ┌ New run ───────────────────────────────────────────────────────────┐    │"
"│    │goal: add a /readyz endpoint▏                                       │    │"
"│    │Enter run · Esc cancel                                              │    │"
"│    │                                                                    │    │"
"│    └────────────────────────────────────────────────────────────────────┘    │"
"└ Enter open · n new · c cancel · / filter · r refresh · y yank ───────────────┘"
"┌ client log (1 lines, 0 dropped, 0 resyncs) ──────────────────────────────────┐"
"│12:05:00 resync #1: the server asked for a resync                             │"
"│                                                                              │"
"│                                                                              │"
"│                                                                              │"
"│                                                                              │"
"└──────────────────────────────────────────────────────────────────────────────┘"
"http://127.0.0.1:7777/ · 2 open question(s) · h help · 1..6 screens · Q quit    "
