---
source: crates/kevin-tui/tests/ac_ws17_1_screen_snapshots.rs
expression: "render(model, width, height)"
---
" 1 Runs │ 2 Run │ 3 Inbox │ 4 Routes │ 5 Lessons │ 6 Workers                    "
"┌ Routes · all kinds · sorted by score ────────────────────────────────────────┐"
"│  KIND          ALIAS                    ATTEMPTS    SUCCESS    QUALITY       │"
"│▸ test          pi-fast                         8       100%          —       │"
"│  implement     claude-sonnet                  40        90%       0.82    $0.│"
"│  implement     codex-gpt-mini                 25        60%       0.61    $0.│"
"│                                                                              │"
"│                                                                              │"
"│                                                                              │"
"│                                                                              │"
"│                                                                              │"
"│                                                                              │"
"│                                                                              │"
"│                                                                              │"
"│                                                                              │"
"│                                                                              │"
"│                                                                              │"
"│                                                                              │"
"│                                                                              │"
"│                                                                              │"
"│                                                                              │"
"│                                                                              │"
"└ k change kind · s sort · r refresh ──────────────────────────────────────────┘"
"http://127.0.0.1:7777/ · 2 open question(s) · h help · 1..6 screens · Q quit    "
