---
source: crates/kevin-tui/tests/ac_ws17_1_screen_snapshots.rs
expression: "render(model, width, height)"
---
" 1 Runs │ 2 Run │ 3 Inbox │ 4 Routes │ 5 Lessons │ 6 Workers                    "
"┌ Open (2) ──────────────────┐┌▌Answer ────────────────────────────────────────┐"
"│▸ 0191f3a1 Which axum versi…││run 0191f3a1 · task 0191f3a2                    │"
"│  0191f3b7 Which crates may…││Which axum version should the handler target?   │"
"│                            ││                                                │"
"│                            ││  ( ) axum 0.8 ★ recommended — the current ma…  │"
"│                            ││▸ ( ) axum 0.7 — what the repo pins today       │"
"│                            ││                                                │"
"│                            ││free text: (none — press t)                     │"
"│                            ││default: axum 0.8 · applies in 6m00s            │"
"│                            ││                                                │"
"│                            ││                                                │"
"│                            ││                                                │"
"│                            ││                                                │"
"│                            ││                                                │"
"│                            ││                                                │"
"│                            ││                                                │"
"│                            ││                                                │"
"│                            ││                                                │"
"│                            ││                                                │"
"│                            ││                                                │"
"│                            ││                                                │"
"└ j/k question · Tab options ┘└ Space pick · Enter submit · t text · Esc back ─┘"
"http://127.0.0.1:7777/ · 2 open question(s) · h help · 1..6 screens · Q quit    "
