---
source: crates/kevin-tui/tests/ac_ws17_1_screen_snapshots.rs
expression: "render(model, width, height)"
---
" 1 Runs │ 2 Run │ 3 Inbox │ 4 Routes │ 5 Lessons │ 6 Workers                                                            "
"┌ [Lessons 1] Proposals 1  ────────────────────────────────────────────────────────────────────────────────────────────┐"
"│▸ lesson    0.80  axum handlers must be registered before the fallback route                              axum,routing│"
"│                                                                                                                      │"
"│                                                                                                                      │"
"│                                                                                                                      │"
"│                                                                                                                      │"
"│                                                                                                                      │"
"│                                                                                                                      │"
"│                                                                                                                      │"
"│                                                                                                                      │"
"│                                                                                                                      │"
"│                                                                                                                      │"
"│                                                                                                                      │"
"│                                                                                                                      │"
"│                                                                                                                      │"
"│                                                                                                                      │"
"│                                                                                                                      │"
"│                                                                                                                      │"
"│                                                                                                                      │"
"│                                                                                                                      │"
"│                                                                                                                      │"
"│                                                                                                                      │"
"│                                                                                                                      │"
"│                                                                                                                      │"
"│                                                                                                                      │"
"│                                                                                                                      │"
"│                                                                                                                      │"
"│                                                                                                                      │"
"│                                                                                                                      │"
"│                                                                                                                      │"
"│                                                                                                                      │"
"│                                                                                                                      │"
"└ Tab proposals · d forget · / search memory · r refresh ──────────────────────────────────────────────────────────────┘"
"┌ Lesson ──────────────────────────────────────────────────────────────────────────────────────────────────────────────┐"
"│axum handlers must be registered before the fallback route                                                            │"
"│                                                                                                                      │"
"│source: {"run_id":"0191f3a1-0000-7000-8000-00000000000a"}                                                             │"
"└──────────────────────────────────────────────────────────────────────────────────────────────────────────────────────┘"
"http://127.0.0.1:7777/ · 2 open question(s) · h help · 1..6 screens · Q quit                                            "
