---
source: crates/kevin-tui/tests/ac_ws17_1_screen_snapshots.rs
expression: rendered
---
" 1 Runs │ 2 Run │ 3 Inbox │ 4 Routes │ 5 Lessons │ 6 Workers                                                            "
"┌ Runs (2) ────────────────────────────────────────────────────────────────────────────────────────────────────────────┐"
"│  RUN  ┌ Keybindings ──────────────────────────────────────────────────────────────────────────────────────────┐   AGE│"
"│▸ 0191f│Global                                              Question inbox                                     │ 5m00s│"
"│  0191f│  1..6        switch screen                           j / k       select                               │ 2h05m│"
"│       │  ?           question inbox                          Space       toggle (multi-select)                │      │"
"│       │  :           command palette (:cancel, :answer)      Enter       choose / submit                      │      │"
"│       │  g / G       top / bottom                            t           free text                            │      │"
"│       │  L           client log pane (errors, reconnects)    Esc         back                                 │      │"
"│       │  h / F1      this help                                                                                │      │"
"│       │  Ctrl-c / Q  quit (never cancels a run)            Plan approval                                      │      │"
"│       │                                                      a           approve                              │      │"
"│       │Run detail                                            x           reject with feedback                 │      │"
"│       │  Tab         cycle panes                             Enter       expand the task                      │      │"
"│       │  j / k       move                                    Esc         later                                │      │"
"│       │  Enter       focus the task                                                                           │      │"
"│       │  f           toggle follow                         Routes / lessons / workers                         │      │"
"│       │  a           approve the plan                        k           change kind (routes)                 │      │"
"│       │  x           reject the plan (feedback)              j / ↑↓      move (routes)                        │      │"
"│       │  R           retry the task                          s           sort (routes)                        │      │"
"│       │  C           cancel the run / task                   Tab         lessons ⇄ proposals                  │      │"
"│       │  q           question inbox                          A / X       accept / reject a proposal           │      │"
"│       │  o           open the artifact path                  d           forget a lesson                      │      │"
"│       │  y           yank the id                             /           search memory                        │      │"
"│       │                                                      r           refresh (workers)                    │      │"
"│       │Runs                                                                                                   │      │"
"│       │  Enter       open the run                                                                             │      │"
"│       │  n           new run (prompt)                                                                         │      │"
"│       │  c           cancel the run                                                                           │      │"
"│       │  /           filter by status                                                                         │      │"
"│       │  r           refresh                                                                                  │      │"
"│       │                                                                                                       │      │"
"│       │                                                                                                       │      │"
"│       │                                                                                                       │      │"
"│       │                                                                                                       │      │"
"│       │                                                                                                       │      │"
"│       │                                                                                                       │      │"
"│       └ Esc / h close ────────────────────────────────────────────────────────────────────────────────────────┘      │"
"└ Enter open · n new · c cancel · / filter · r refresh · y yank ───────────────────────────────────────────────────────┘"
"http://127.0.0.1:7777/ · 2 open question(s) · h help · 1..6 screens · Q quit                                            "
