---
source: crates/kevin-tui/tests/ac_ws17_1_screen_snapshots.rs
expression: "render(&model, 80, 24)"
---
" 1 Runs │ 2 Run │ 3 Inbox │ 4 Routes │ 5 Lessons │ 6 Workers                    "
"┌  Lessons 1 [Proposals 1] ────────────────────────────────────────────────────┐"
"│▸ prompt    proposed   Tell the planner to always add a test task after an im…│"
"│                                                                              │"
"│                                                                              │"
"│                                                                              │"
"│                                                                              │"
"│                                                                              │"
"│                                                                              │"
"│                                                                              │"
"│                                                                              │"
"│                                                                              │"
"│                                                                              │"
"│                                                                              │"
"│                                                                              │"
"│                                                                              │"
"│                                                                              │"
"└ Tab lessons · A accept · X reject · r refresh ───────────────────────────────┘"
"┌ Proposal ────────────────────────────────────────────────────────────────────┐"
"│Tell the planner to always add a test task after an implement task            │"
"│                                                                              │"
"│evaluation: 0191f3a5                                                          │"
"└──────────────────────────────────────────────────────────────────────────────┘"
"http://127.0.0.1:7777/ · 2 open question(s) · h help · 1..6 screens · Q quit    "
