---
source: crates/kevin-tui/tests/ac_ws17_1_screen_snapshots.rs
expression: "render(model, width, height)"
---
" 1 Runs │ 2 Run │ 3 Inbox │ 4 Routes │ 5 Lessons │ 6 Workers                                                            "
"┌ Timeline (0) ──────────┐┌▌Tasks (0) ─────────────────────────────────┐┌ Transcript ──────────────────────────────────┐"
"│  waiting for events    ││  no tasks yet                              ││  Enter on a task to follow its transcript    │"
"│                        ││                                            ││                                              │"
"│         ┌ Plan approval · run 0191f3b7 · 2 tasks ──────────────────────────────────────────────────────────┐         │"
"│         │▸ implement Add /healthz · balanced ∥ · 2 criteria                                                │         │"
"│         │    test Test /healthz · fast → · 1 criteria  ← Add /healthz                                      │         │"
"│         │                                                                                                  │         │"
"│         │                                                                                                  │         │"
"│         │                                                                                                  │         │"
"│         │                                                                                                  │         │"
"│         │                                                                                                  │         │"
"│         │                                                                                                  │         │"
"│         │                                                                                                  │         │"
"│         │                                                                                                  │         │"
"│         │                                                                                                  │         │"
"│         │                                                                                                  │         │"
"│         │                                                                                                  │         │"
"│         │                                                                                                  │         │"
"│         │                                                                                                  │         │"
"│         │                                                                                                  │         │"
"│         │                                                                                                  │         │"
"│         │                                                                                                  │         │"
"│         │                                                                                                  │         │"
"│         │                                                                                                  │         │"
"│         │                                                                                                  │         │"
"│         │                                                                                                  │         │"
"│         │                                                                                                  │         │"
"│         │                                                                                                  │         │"
"│         │                                                                                                  │         │"
"│         └ a approve · x reject with feedback · Enter expand · Esc later ───────────────────────────────────┘         │"
"│         ┌ Acceptance criteria ─────────────────────────────────────────────────────────────────────────────┐         │"
"│         │· GET /healthz returns 200                                                                        │         │"
"│         │· it is registered in the router                                                                  │         │"
"└ C cancel│                                                                                                  │─────────┘"
"┌ 0191f3b7└──────────────────────────────────────────────────────────────────────────────────────────────────┘─────────┐"
"│$0.07 / $5.00 · 900 in / 120 out tokens · 0 tasks · Migrate the store to sqlx 0.9                                     │"
"│budget   1% ───────────────────────────────────────────────wall   1% ─────────────────────────────────────────────────│"
"└ a approve · x reject · q inbox · y yank ─────────────────────────────────────────────────────────────────────────────┘"
"http://127.0.0.1:7777/ · 2 open question(s) · h help · 1..6 screens · Q quit                                            "
