---
source: crates/kevin-tui/tests/ac_ws17_1_screen_snapshots.rs
expression: "render(&model, 80, 24)"
---
" 1 Runs │ 2 Run │ 3 Inbox │ 4 Routes │ 5 Lessons │ 6 Workers                    "
"┌ Open (2) ──────────────────┐┌▌Answer ────────────────────────────────────────┐"
"│  0191f3a1 Which axum versi…││run 0191f3b7 · task —                           │"
"│▸ 0191f3b7 Which crates may…││Which crates may the migration touch?           │"
"│                            ││                                                │"
"│                            ││▸ [x] kevin-store ★ recommended                 │"
"│                            ││  [x] kevin-memory                              │"
"│                            ││  [ ] kevin-router                              │"
"│                            ││                                                │"
"│                            ││free text: only the sqlx call sites             │"
"│                            ││default: — · policy: blocks until answered      │"
"│                            ││                                                │"
"│                            ││                                                │"
"│                            ││                                                │"
"│                            ││                                                │"
"│                            ││                                                │"
"│                            ││                                                │"
"│                            ││                                                │"
"│                            ││                                                │"
"│                            ││                                                │"
"│                            ││                                                │"
"│                            ││                                                │"
"└ j/k question · Tab options ┘└ Space pick · Enter submit · t text · Esc back ─┘"
"http://127.0.0.1:7777/ · 2 open question(s) · h help · 1..6 screens · Q quit    "
