---
source: crates/kevin-tui/tests/ac_ws17_1_screen_snapshots.rs
expression: "render(model, width, height)"
---
" 1 Runs │ 2 Run │ 3 Inbox │ 4 Routes │ 5 Lessons │ 6 Workers                                                            "
"┌ Workers (2 enabled, 1 unhealthy) ────────────────────────────────────────────────────────────────────────────────────┐"
"│  WORKER      ENABLED   AUTH      VERSION           BINARY / PROBLEMS                                                 │"
"│▸ claude      yes       yes       2.4.1             /usr/local/bin/claude                                             │"
"│  opencode    yes       no        —                 binary not found on PATH                                          │"
"│                                                                                                                      │"
"│                                                                                                                      │"
"│                                                                                                                      │"
"│                                                                                                                      │"
"│                                                                                                                      │"
"│                                                                                                                      │"
"│                                                                                                                      │"
"│                                                                                                                      │"
"│                                                                                                                      │"
"│                                                                                                                      │"
"│                                                                                                                      │"
"│                                                                                                                      │"
"│                                                                                                                      │"
"│                                                                                                                      │"
"│                                                                                                                      │"
"│                                                                                                                      │"
"│                                                                                                                      │"
"│                                                                                                                      │"
"│                                                                                                                      │"
"│                                                                                                                      │"
"│                                                                                                                      │"
"│                                                                                                                      │"
"│                                                                                                                      │"
"│                                                                                                                      │"
"│                                                                                                                      │"
"│                                                                                                                      │"
"│                                                                                                                      │"
"│                                                                                                                      │"
"│                                                                                                                      │"
"│                                                                                                                      │"
"│                                                                                                                      │"
"│                                                                                                                      │"
"│                                                                                                                      │"
"└ r refresh ───────────────────────────────────────────────────────────────────────────────────────────────────────────┘"
"http://127.0.0.1:7777/ · 2 open question(s) · h help · 1..6 screens · Q quit                                            "
